[2026-07-01 07:58:12] INFO: Cihaz baslatildi, versiyon=2.3.1, seri_no=DVC-0451
[2026-07-01 07:58:13] INFO: Sensor kalibrasyonu tamamlandi
[2026-07-01 08:15:44] DEBUG: Sicaklik olcumu, deger=36.4C
[2026-07-01 09:02:10] INFO: Ag baglantisi kuruldu, ssid=UretimHatti-2
[2026-07-01 12:41:55] WARNING: Batarya seviyesi dusuk, deger=%18
[2026-07-01 13:00:02] INFO: Sarj kablosu takildi
[2026-07-01 18:20:31] INFO: Cihaz normal kapatildi, calisma_suresi_dk=616
[2026-07-02 08:01:05] INFO: Cihaz baslatildi, versiyon=2.3.1, seri_no=DVC-0451
[2026-07-02 08:01:06] INFO: Sensor kalibrasyonu tamamlandi
[2026-07-02 10:12:19] DEBUG: Sicaklik olcumu, deger=37.1C
[2026-07-02 14:33:47] WARNING: Sicaklik sensoru esik degerine yaklasti, deger=41.8C, esik=45.0C
[2026-07-02 15:02:11] DEBUG: Sicaklik olcumu, deger=39.6C
[2026-07-02 19:45:00] INFO: Cihaz normal kapatildi, calisma_suresi_dk=703
[2026-07-03 08:00:47] INFO: Cihaz baslatildi, versiyon=2.3.1, seri_no=DVC-0451
[2026-07-03 08:00:48] INFO: Sensor kalibrasyonu tamamlandi
[2026-07-03 11:20:33] DEBUG: Sicaklik olcumu, deger=38.2C
[2026-07-03 16:05:19] WARNING: Sicaklik sensoru esik degerine yaklasti, deger=44.1C, esik=45.0C
[2026-07-03 16:41:02] ERROR: Sogutma fani yaniti gecikti, sure_ms=5200
[2026-07-03 16:52:18] CRITICAL: Sicaklik esik degerini asti, deger=46.3C, otomatik guvenli mod devrede
[2026-07-03 16:52:45] CRITICAL: Beklenmedik kapanma tespit edildi, watchdog reset, son_calisma_suresi_dk=532
[2026-07-03 16:58:02] INFO: Cihaz baslatildi, versiyon=2.3.1, seri_no=DVC-0451
[2026-07-03 16:58:03] WARNING: Onceki oturum watchdog reset ile sonlanmis, tanilama kaydediliyor
[2026-07-03 20:30:44] INFO: Cihaz normal kapatildi, calisma_suresi_dk=212
[2026-07-04 08:02:15] INFO: Cihaz baslatildi, versiyon=2.3.1, seri_no=DVC-0451
[2026-07-04 08:02:16] INFO: Sensor kalibrasyonu tamamlandi
--- corrupted line, buffer parity error, skip ---
[2026-07-04 09:15:03] DEBUG: Sicaklik olcumu, deger=36.9C
[2026-07-04 13:44:29] INFO: Firmware guncellemesi kontrol edildi, guncel surum kullanimda
[2026-07-04 21:10:56] INFO: Cihaz normal kapatildi, calisma_suresi_dk=788
[2026-07-06 07:59:40] INFO: Cihaz baslatildi, versiyon=2.3.1, seri_no=DVC-0451
[2026-07-06 07:59:41] INFO: Sensor kalibrasyonu tamamlandi
[2026-07-06 08:30:02] DEBUG: Sicaklik olcumu, deger=35.7C
[2026-07-06 11:18:47] WARNING: Batarya seviyesi dusuk, deger=%15
[2026-07-06 17:02:33] INFO: Cihaz normal kapatildi, calisma_suresi_dk=542
[2026-07-07 08:00:12] INFO: Cihaz baslatildi, versiyon=2.3.1, seri_no=DVC-0451
[2026-07-07 08:00:13] INFO: Sensor kalibrasyonu tamamlandi
[2026-07-07 10:44:21] DEBUG: Sicaklik olcumu, deger=36.1C
[2026-07-07 15:12:09] INFO: Ag baglantisi koptu, yeniden deneniyor
[2026-07-07 15:12:14] INFO: Ag baglantisi yeniden kuruldu
[2026-07-07 19:33:55] INFO: Cihaz normal kapatildi, calisma_suresi_dk=693
[2026-07-08 08:01:03] INFO: Cihaz baslatildi, versiyon=2.3.1, seri_no=DVC-0451
[2026-07-08 08:01:04] INFO: Sensor kalibrasyonu tamamlandi
[2026-07-08 09:40:18] DEBUG: Sicaklik olcumu, deger=36.5C
[2026-07-08 12:05:41] WARNING: Nem sensoru anormal deger bildirdi, deger=%78
[2026-07-08 18:47:29] INFO: Cihaz normal kapatildi, calisma_suresi_dk=646
[2026-07-09 08:03:22] INFO: Cihaz baslatildi, versiyon=2.3.1, seri_no=DVC-0451
[2026-07-09 08:03:23] INFO: Sensor kalibrasyonu tamamlandi
[2026-07-09 10:11:05] DEBUG: Sicaklik olcumu, deger=37.4C
[2026-07-09 14:29:38] INFO: Firmware guncellemesi kontrol edildi, guncel surum kullanimda
[2026-07-09 20:15:47] INFO: Cihaz normal kapatildi, calisma_suresi_dk=732
[2026-07-10 08:00:51] INFO: Cihaz baslatildi, versiyon=2.3.1, seri_no=DVC-0451
[2026-07-10 08:00:52] INFO: Sensor kalibrasyonu tamamlandi
[2026-07-10 09:22:14] DEBUG: Sicaklik olcumu, deger=36.8C
[2026-07-10 13:55:02] ERROR: Veri kayit servisine yazma basarisiz, disk_doluluk=%94
[2026-07-10 13:55:33] WARNING: Disk temizligi baslatildi, eski kayitlar siliniyor
[2026-07-10 19:40:16] INFO: Cihaz normal kapatildi, calisma_suresi_dk=699
[2026-07-13 08:02:09] INFO: Cihaz baslatildi, versiyon=2.3.2, seri_no=DVC-0451
[2026-07-13 08:02:10] INFO: Firmware surumu guncellendi: 2.3.1 -> 2.3.2
[2026-07-13 08:02:11] INFO: Sensor kalibrasyonu tamamlandi
[2026-07-13 10:33:47] DEBUG: Sicaklik olcumu, deger=35.9C
[2026-07-13 16:18:22] INFO: Cihaz normal kapatildi, calisma_suresi_dk=496
[2026-07-14 08:01:40] INFO: Cihaz baslatildi, versiyon=2.3.2, seri_no=DVC-0451
[2026-07-14 08:01:41] INFO: Sensor kalibrasyonu tamamlandi
[2026-07-14 11:47:03] DEBUG: Sicaklik olcumu, deger=36.3C
[2026-07-14 15:20:58] WARNING: Batarya seviyesi dusuk, deger=%12
[2026-07-14 21:05:31] INFO: Cihaz normal kapatildi, calisma_suresi_dk=784
[2026-07-15 08:00:27] INFO: Cihaz baslatildi, versiyon=2.3.2, seri_no=DVC-0451
[2026-07-15 08:00:28] INFO: Sensor kalibrasyonu tamamlandi
[2026-07-15 09:14:12] DEBUG: Sicaklik olcumu, deger=36.0C
[2026-07-15 12:38:44] INFO: Ag baglantisi kuruldu, ssid=UretimHatti-2
[2026-07-16 03:21:09] ERROR: Guc kaynagi voltaj dalgalanmasi tespit edildi, deger=187V
[2026-07-16 03:21:37] CRITICAL: Beklenmedik kapanma tespit edildi, watchdog reset, son_calisma_suresi_dk=1161
[2026-07-16 03:26:14] INFO: Cihaz baslatildi, versiyon=2.3.2, seri_no=DVC-0451
[2026-07-16 03:26:15] WARNING: Onceki oturum watchdog reset ile sonlanmis, tanilama kaydediliyor
[2026-07-16 08:10:33] DEBUG: Sicaklik olcumu, deger=36.6C
[2026-07-16 14:02:19] INFO: Firmware guncellemesi kontrol edildi, guncel surum kullanimda
[2026-07-17 07:15:48] ERROR: Guc kaynagi voltaj dalgalanmasi tespit edildi, deger=179V
[2026-07-17 07:16:02] CRITICAL: Beklenmedik kapanma tespit edildi, watchdog reset, son_calisma_suresi_dk=1130
[2026-07-17 07:20:41] INFO: Cihaz baslatildi, versiyon=2.3.2, seri_no=DVC-0451
[2026-07-17 07:20:42] WARNING: Onceki oturum watchdog reset ile sonlanmis, tanilama kaydediliyor
[2026-07-17 07:20:43] CRITICAL: Ardarda watchdog reset tespit edildi, bakim uyarisi olusturuldu
[2026-07-17 10:44:15] DEBUG: Sicaklik olcumu, deger=36.2C
[2026-07-17 18:30:07] INFO: Cihaz normal kapatildi, calisma_suresi_dk=670
[2026-07-20 08:01:22] INFO: Cihaz baslatildi, versiyon=2.3.2, seri_no=DVC-0451
[2026-07-20 08:01:23] INFO: Sensor kalibrasyonu tamamlandi
[2026-07-20 08:01:24] INFO: Kaynak voltaji stabil, bakim ekibi tarafindan guc kaynagi degistirildi
[2026-07-20 10:19:56] DEBUG: Sicaklik olcumu, deger=35.8C
[2026-07-20 13:47:31] WARNING: Batarya seviyesi dusuk, deger=%20
[2026-07-20 19:12:44] INFO: Cihaz normal kapatildi, calisma_suresi_dk=671
[2026-07-21 08:00:19] INFO: Cihaz baslatildi, versiyon=2.3.2, seri_no=DVC-0451
[2026-07-21 08:00:20] INFO: Sensor kalibrasyonu tamamlandi
[2026-07-21 11:05:38] DEBUG: Sicaklik olcumu, deger=36.4C
[2026-07-21 20:40:12] INFO: Cihaz normal kapatildi, calisma_suresi_dk=759
[2026-07-22 08:02:51] INFO: Cihaz baslatildi, versiyon=2.3.2, seri_no=DVC-0451
[2026-07-22 08:02:52] INFO: Sensor kalibrasyonu tamamlandi
[2026-07-22 12:14:27] DEBUG: Sicaklik olcumu, deger=37.0C
[2026-07-22 16:55:03] INFO: Ag baglantisi koptu, yeniden deneniyor
[2026-07-22 16:55:09] INFO: Ag baglantisi yeniden kuruldu
[2026-07-22 21:38:20] INFO: Cihaz normal kapatildi, calisma_suresi_dk=815
[2026-07-23 08:01:14] INFO: Cihaz baslatildi, versiyon=2.3.2, seri_no=DVC-0451
[2026-07-23 08:01:15] INFO: Sensor kalibrasyonu tamamlandi
[2026-07-23 09:33:02] DEBUG: Sicaklik olcumu, deger=36.1C
[2026-07-23 14:47:19] INFO: Firmware guncellemesi kontrol edildi, guncel surum kullanimda
[2026-07-23 19:20:55] INFO: Cihaz normal kapatildi, calisma_suresi_dk=679
[2026-07-24 08:00:36] INFO: Cihaz baslatildi, versiyon=2.3.2, seri_no=DVC-0451
[2026-07-24 08:00:37] INFO: Sensor kalibrasyonu tamamlandi
[2026-07-24 10:26:48] DEBUG: Sicaklik olcumu, deger=36.7C
[2026-07-24 15:41:22] WARNING: Sicaklik sensoru esik degerine yaklasti, deger=43.2C, esik=45.0C
[2026-07-24 18:15:09] DEBUG: Sicaklik olcumu, deger=38.9C
[2026-07-24 20:02:47] INFO: Cihaz normal kapatildi, calisma_suresi_dk=722
[2026-07-27 08:01:58] INFO: Cihaz baslatildi, versiyon=2.3.2, seri_no=DVC-0451
[2026-07-27 08:01:59] INFO: Sensor kalibrasyonu tamamlandi
[2026-07-27 11:12:33] DEBUG: Sicaklik olcumu, deger=36.3C
[2026-07-27 13:48:17] WARNING: Batarya seviyesi dusuk, deger=%17
[2026-07-27 17:55:41] INFO: Cihaz normal kapatildi, calisma_suresi_dk=593
[2026-07-28 08:02:24] INFO: Cihaz baslatildi, versiyon=2.3.2, seri_no=DVC-0451
[2026-07-28 08:02:25] INFO: Sensor kalibrasyonu tamamlandi
[2026-07-28 09:44:52] DEBUG: Sicaklik olcumu, deger=36.9C
[2026-07-28 12:30:15] ERROR: Veri kayit servisine yazma basarisiz, disk_doluluk=%91
[2026-07-28 18:47:03] INFO: Cihaz normal kapatildi, calisma_suresi_dk=628
[2026-07-29 08:00:44] INFO: Cihaz baslatildi, versiyon=2.3.2, seri_no=DVC-0451
[2026-07-29 08:00:45] INFO: Sensor kalibrasyonu tamamlandi
[2026-07-29 10:55:29] DEBUG: Sicaklik olcumu, deger=36.5C
[2026-07-29 22:14:18] ERROR: Guc kaynagi voltaj dalgalanmasi tespit edildi, deger=192V
[2026-07-29 22:14:52] CRITICAL: Beklenmedik kapanma tespit edildi, watchdog reset, son_calisma_suresi_dk=854
[2026-07-30 06:02:07] INFO: Cihaz baslatildi, versiyon=2.3.2, seri_no=DVC-0451
[2026-07-30 06:02:08] WARNING: Onceki oturum watchdog reset ile sonlanmis, tanilama kaydediliyor
[2026-07-30 06:02:09] INFO: Sensor kalibrasyonu tamamlandi
[2026-07-30 09:18:36] DEBUG: Sicaklik olcumu, deger=36.2C
[2026-07-30 19:45:14] INFO: Cihaz normal kapatildi, calisma_suresi_dk=822
